../Drivers/CMSIS/Include/core_cm4.h:2064:26:ITM_SendChar	4
../Core/Src/main.c:121:5:__io_putchar	1
../Core/Src/main.c:132:5:main	2
../Core/Src/main.c:197:6:SystemClock_Config	3
../Core/Src/main.c:243:13:MX_SPI1_Init	2
../Core/Src/main.c:281:13:MX_GPIO_Init	1
../Core/Src/main.c:337:6:accelRead	2
../Core/Src/main.c:348:6:accelWrite	2
../Core/Src/main.c:359:6:accelInit	1
../Core/Src/main.c:367:13:accelCalib	2
../Core/Src/main.c:386:13:accelGetData	9
../Core/Src/main.c:439:6:sendHIDReport	1
../Core/Src/main.c:454:6:HAL_GPIO_EXTI_Callback	1
../Core/Src/main.c:465:6:Error_Handler	1
