../Drivers/CMSIS/Include/core_cm4.h:2064:26:ITM_SendChar	4
../Core/Src/main.c:188:5:__io_putchar	1
../Core/Src/main.c:199:5:main	2
../Core/Src/main.c:270:6:SystemClock_Config	3
../Core/Src/main.c:316:13:MX_SPI1_Init	2
../Core/Src/main.c:354:13:MX_GPIO_Init	1
../Core/Src/main.c:416:6:accelRead	2
../Core/Src/main.c:427:6:accelWrite	2
../Core/Src/main.c:438:6:accelInit	1
../Core/Src/main.c:447:13:accelCalib	2
../Core/Src/main.c:466:13:accelGetData	9
../Core/Src/main.c:520:6:sendHIDReport	1
../Core/Src/main.c:535:6:accelSMInit	1
../Core/Src/main.c:543:6:accelSM1	1
../Core/Src/main.c:587:6:HAL_GPIO_EXTI_Callback	1
../Core/Src/main.c:602:6:Error_Handler	1
