../Drivers/CMSIS/Include/core_cm4.h:2064:26:ITM_SendChar	16	static,ignoring_inline_asm
../Core/Src/main.c:107:5:__io_putchar	16	static
../Core/Src/main.c:118:5:main	16	static
../Core/Src/main.c:347:6:SystemClock_Config	88	static
../Core/Src/main.c:393:13:MX_SPI1_Init	8	static
../Core/Src/main.c:431:13:MX_GPIO_Init	48	static
../Core/Src/main.c:487:6:accelRead	32	static
../Core/Src/main.c:498:6:accelWrite	16	static
../Core/Src/main.c:510:6:accelInit	8	static
../Core/Src/main.c:517:6:HAL_GPIO_EXTI_Callback	16	static
../Core/Src/main.c:528:6:Error_Handler	4	static,ignoring_inline_asm
