../Drivers/CMSIS/Include/core_cm4.h:2064:26:ITM_SendChar	16	static,ignoring_inline_asm
../Core/Src/main.c:188:5:__io_putchar	16	static
../Core/Src/main.c:199:5:main	32	static
../Core/Src/main.c:270:6:SystemClock_Config	88	static
../Core/Src/main.c:316:13:MX_SPI1_Init	8	static
../Core/Src/main.c:354:13:MX_GPIO_Init	48	static
../Core/Src/main.c:416:6:accelRead	32	static
../Core/Src/main.c:427:6:accelWrite	16	static
../Core/Src/main.c:438:6:accelInit	16	static
../Core/Src/main.c:447:13:accelCalib	56	static
../Core/Src/main.c:466:13:accelGetData	56	static
../Core/Src/main.c:520:6:sendHIDReport	24	static
../Core/Src/main.c:535:6:accelSMInit	16	static
../Core/Src/main.c:543:6:accelSM1	64	static
../Core/Src/main.c:587:6:HAL_GPIO_EXTI_Callback	24	static
../Core/Src/main.c:602:6:Error_Handler	4	static,ignoring_inline_asm
